{
  "summary": "\u003cp\u003eDocumented feature formatted with \u003ca href\u003d\"https://daringfireball.net/projects/markdown/\"\u003eMarkdown\u003c/a\u003e.\u003c/p\u003e\n",
  "description": "",
  "name": "MarkdownDocumentedFeature",
  "group": "markdown"
}