{
  "summary": "\u003cp\u003eTool where the documentation is formatted with \u003ca href\u003d\"https://daringfireball.net/projects/markdown/\"\u003eMarkdown\u003c/a\u003e \u003ccode\u003eString\u003c/code\u003e.\u003c/p\u003e\n",
  "arguments": [
    {
      "summary": "\u003cp\u003eThis is a \u003cstrong\u003ebold\u003c/strong\u003e \u003ccode\u003eString\u003c/code\u003e \u003cstrong\u003eargument\u003c/strong\u003e\u003c/p\u003e\n",
      "name": "--bold",
      "synonyms": "-",
      "type": "String",
      "required": "no",
      "fulltext": "",
      "defaultValue": "\"\"",
      "minValue": "NA",
      "maxValue": "NA",
      "minRecValue": "NA",
      "maxRecValue": "NA",
      "kind": "optional",
      "options": []
    },
    {
      "summary": "\u003cp\u003eThis is an \u003ccode\u003edouble\u003c/code\u003e argument with markdown formatted doc\u003c/p\u003e\n",
      "name": "--DOUBLE",
      "synonyms": "-",
      "type": "double",
      "required": "no",
      "fulltext": "",
      "defaultValue": "0.0",
      "minValue": "-Infinity",
      "maxValue": "Infinity",
      "minRecValue": "NA",
      "maxRecValue": "NA",
      "kind": "optional",
      "options": []
    },
    {
      "summary": "\u003cp\u003eThis is an \u003ccode\u003eint\u003c/code\u003e argument with markdown formatted doc\u003c/p\u003e\n",
      "name": "--INT",
      "synonyms": "-",
      "type": "int",
      "required": "no",
      "fulltext": "",
      "defaultValue": "0",
      "minValue": "-Infinity",
      "maxValue": "Infinity",
      "minRecValue": "NA",
      "maxRecValue": "NA",
      "kind": "optional",
      "options": []
    },
    {
      "summary": "\u003cp\u003eThis is a \u003cem\u003eitalic\u003c/em\u003e \u003ccode\u003eString\u003c/code\u003e \u003cem\u003eargument\u003c/em\u003e\u003c/p\u003e\n",
      "name": "--italic",
      "synonyms": "-",
      "type": "String",
      "required": "no",
      "fulltext": "",
      "defaultValue": "\"\"",
      "minValue": "NA",
      "maxValue": "NA",
      "minRecValue": "NA",
      "maxRecValue": "NA",
      "kind": "optional",
      "options": []
    }
  ],
  "description": "\u003cp\u003eDocumentation of this tool is written in Markdown and rendered as HTML.\u003c/p\u003e\n",
  "name": "ClpWithMarkdownDocs",
  "group": "markdown"
}