{
  "summary": "\u003cp\u003eArgument container class for testing documentation generation.\u003c/p\u003e\n",
  "arguments": [
    {
      "summary": "\u003cp\u003ePositional arguments, min \u003d 2, max \u003d 2\u003c/p\u003e\n",
      "name": "[NA - Positional]",
      "synonyms": "NA",
      "type": "List[File]",
      "required": "yes",
      "fulltext": "\u003cp\u003ePositional arguments, min \u003d 2, max \u003d 2\u003c/p\u003e\n",
      "defaultValue": "NA",
      "minValue": "NA",
      "maxValue": "NA",
      "minRecValue": "NA",
      "maxRecValue": "NA",
      "kind": "positional",
      "options": []
    },
    {
      "summary": "\u003cp\u003eadvancedOptionalInt with initial value 1\u003c/p\u003e\n",
      "name": "--advancedOptionalInt",
      "synonyms": "-advancedOptInt",
      "type": "int",
      "required": "no",
      "fulltext": "\u003cp\u003eAdvanced, Optional int\u003c/p\u003e\n",
      "defaultValue": "1",
      "minValue": "-Infinity",
      "maxValue": "Infinity",
      "minRecValue": "NA",
      "maxRecValue": "NA",
      "kind": "advanced",
      "options": []
    },
    {
      "summary": "\u003cp\u003edeprecated\u003c/p\u003e\n",
      "name": "--deprecatedString",
      "synonyms": "-depStr",
      "type": "int",
      "required": "no",
      "fulltext": "\u003cp\u003eDeprecated string\u003c/p\u003e\n",
      "defaultValue": "0",
      "minValue": "-Infinity",
      "maxValue": "Infinity",
      "minRecValue": "NA",
      "maxRecValue": "NA",
      "kind": "deprecated",
      "options": []
    },
    {
      "summary": "\u003cp\u003eUndocumented option\u003c/p\u003e\n",
      "name": "--mutexArg",
      "synonyms": "-mutexArg",
      "type": "List[File]",
      "required": "no",
      "fulltext": "\u003cp\u003eMutually exclusive args\u003c/p\u003e\n",
      "defaultValue": "[]",
      "minValue": "NA",
      "maxValue": "NA",
      "minRecValue": "NA",
      "maxRecValue": "NA",
      "kind": "optional",
      "options": []
    },
    {
      "summary": "\u003cp\u003eSAM/BAM/CRAM file(s) with alignment data from the first read of a pair.\u003c/p\u003e\n",
      "name": "--mutexTargetField1",
      "synonyms": "-mutexTargetField1",
      "type": "List[File]",
      "required": "no",
      "fulltext": "",
      "defaultValue": "[]",
      "minValue": "NA",
      "maxValue": "NA",
      "minRecValue": "NA",
      "maxRecValue": "NA",
      "kind": "optional",
      "options": []
    },
    {
      "summary": "\u003cp\u003eSAM/BAM file(s) with alignment data from the second read of a pair.\u003c/p\u003e\n",
      "name": "--mutexTargetField2",
      "synonyms": "-mutexTargetField2",
      "type": "List[File]",
      "required": "no",
      "fulltext": "",
      "defaultValue": "[]",
      "minValue": "NA",
      "maxValue": "NA",
      "minRecValue": "NA",
      "maxRecValue": "NA",
      "kind": "optional",
      "options": []
    },
    {
      "summary": "\u003cp\u003eOptional Clp enum\u003c/p\u003e\n",
      "name": "--optionalClpEnum",
      "synonyms": "-optionalClpEnum",
      "type": "TestEnum",
      "required": "no",
      "fulltext": "",
      "defaultValue": "ENUM_VALUE_1",
      "minValue": "NA",
      "maxValue": "NA",
      "minRecValue": "NA",
      "maxRecValue": "NA",
      "kind": "optional",
      "options": [
        {
          "summary": "",
          "name": "ENUM_VALUE_1"
        },
        {
          "summary": "",
          "name": "ENUM_VALUE_2"
        }
      ]
    },
    {
      "summary": "\u003cp\u003eOptionals double with initial value 2.15\u003c/p\u003e\n",
      "name": "--optionalDouble",
      "synonyms": "-optDouble",
      "type": "double",
      "required": "no",
      "fulltext": "\u003cp\u003eRequired double\u003c/p\u003e\n",
      "defaultValue": "2.15",
      "minValue": "-Infinity",
      "maxValue": "Infinity",
      "minRecValue": "NA",
      "maxRecValue": "NA",
      "kind": "optional",
      "options": []
    },
    {
      "summary": "\u003cp\u003eoptionalDoubleList with initial values: 100.0, 99.9, 99.0, 90.0\u003c/p\u003e\n",
      "name": "--optionalDoubleList",
      "synonyms": "-optDoubleList",
      "type": "List[Double]",
      "required": "no",
      "fulltext": "\u003cp\u003eOptional double list.\u003c/p\u003e\n",
      "defaultValue": "[100.0, 99.9, 99.0, 90.0]",
      "minValue": "NA",
      "maxValue": "NA",
      "minRecValue": "NA",
      "maxRecValue": "NA",
      "kind": "optional",
      "options": []
    },
    {
      "summary": "\u003cp\u003eOptional file list\u003c/p\u003e\n",
      "name": "--optionalFileList",
      "synonyms": "-optFilList",
      "type": "List[File]",
      "required": "no",
      "fulltext": "\u003cp\u003eOptional file list.\u003c/p\u003e\n",
      "defaultValue": "[]",
      "minValue": "NA",
      "maxValue": "NA",
      "minRecValue": "NA",
      "maxRecValue": "NA",
      "kind": "optional",
      "options": []
    },
    {
      "summary": "\u003cp\u003eOptional flag, defaults to false.\u003c/p\u003e\n",
      "name": "--optionalFlag",
      "synonyms": "-optFlag",
      "type": "boolean",
      "required": "no",
      "fulltext": "\u003cp\u003eOptional flag.\u003c/p\u003e\n",
      "defaultValue": "false",
      "minValue": "NA",
      "maxValue": "NA",
      "minRecValue": "NA",
      "maxRecValue": "NA",
      "kind": "optional",
      "options": []
    },
    {
      "summary": "\u003cp\u003eOptional input files from argument collection\u003c/p\u003e\n",
      "name": "--optionalInputFilesFromArgCollection",
      "synonyms": "-optionalInputFilesFromArgCollection",
      "type": "List[File]",
      "required": "no",
      "fulltext": "",
      "defaultValue": "[]",
      "minValue": "NA",
      "maxValue": "NA",
      "minRecValue": "NA",
      "maxRecValue": "NA",
      "kind": "optional",
      "options": []
    },
    {
      "summary": "\u003cp\u003eOptional string input from argument collection\u003c/p\u003e\n",
      "name": "--optionalStringInputFromArgCollection",
      "synonyms": "-optionalStringInputFromArgCollection",
      "type": "String",
      "required": "no",
      "fulltext": "",
      "defaultValue": "null",
      "minValue": "NA",
      "maxValue": "NA",
      "minRecValue": "NA",
      "maxRecValue": "NA",
      "kind": "optional",
      "options": []
    },
    {
      "summary": "\u003cp\u003eAn optional list of strings\u003c/p\u003e\n",
      "name": "--optionalStringList",
      "synonyms": "-optStrList",
      "type": "List[String]",
      "required": "no",
      "fulltext": "\u003cp\u003eOptional string list.\u003c/p\u003e\n",
      "defaultValue": "[]",
      "minValue": "NA",
      "maxValue": "NA",
      "minRecValue": "NA",
      "maxRecValue": "NA",
      "kind": "optional",
      "options": []
    },
    {
      "summary": "\u003cp\u003eRequired Clp enum\u003c/p\u003e\n",
      "name": "--requiredClpEnum",
      "synonyms": "-requiredClpEnum",
      "type": "TestEnum",
      "required": "yes",
      "fulltext": "",
      "defaultValue": "null",
      "minValue": "NA",
      "maxValue": "NA",
      "minRecValue": "NA",
      "maxRecValue": "NA",
      "kind": "required",
      "options": [
        {
          "summary": "",
          "name": "ENUM_VALUE_1"
        },
        {
          "summary": "",
          "name": "ENUM_VALUE_2"
        }
      ]
    },
    {
      "summary": "\u003cp\u003eRequired file list\u003c/p\u003e\n",
      "name": "--requiredFileList",
      "synonyms": "-reqFilList",
      "type": "List[File]",
      "required": "yes",
      "fulltext": "\u003cp\u003eRequired file list.\u003c/p\u003e\n",
      "defaultValue": "[]",
      "minValue": "NA",
      "maxValue": "NA",
      "minRecValue": "NA",
      "maxRecValue": "NA",
      "kind": "required",
      "options": []
    },
    {
      "summary": "\u003cp\u003eRequired input files from argument collection\u003c/p\u003e\n",
      "name": "--requiredInputFilesFromArgCollection",
      "synonyms": "-rRequiredInputFilesFromArgCollection",
      "type": "List[File]",
      "required": "yes",
      "fulltext": "",
      "defaultValue": "[]",
      "minValue": "NA",
      "maxValue": "NA",
      "minRecValue": "NA",
      "maxRecValue": "NA",
      "kind": "required",
      "options": []
    },
    {
      "summary": "\u003cp\u003eRequired string input from argument collection\u003c/p\u003e\n",
      "name": "--requiredStringInputFromArgCollection",
      "synonyms": "-requiredStringInputFromArgCollection",
      "type": "String",
      "required": "yes",
      "fulltext": "",
      "defaultValue": "null",
      "minValue": "NA",
      "maxValue": "NA",
      "minRecValue": "NA",
      "maxRecValue": "NA",
      "kind": "required",
      "options": []
    },
    {
      "summary": "\u003cp\u003eA required list of strings\u003c/p\u003e\n",
      "name": "--requiredStringList",
      "synonyms": "-reqStrList",
      "type": "List[String]",
      "required": "yes",
      "fulltext": "\u003cp\u003eRequired string list.\u003c/p\u003e\n",
      "defaultValue": "[]",
      "minValue": "NA",
      "maxValue": "NA",
      "minRecValue": "NA",
      "maxRecValue": "NA",
      "kind": "required",
      "options": []
    },
    {
      "summary": "\u003cp\u003eUndocumented option\u003c/p\u003e\n",
      "name": "--testPlugin",
      "synonyms": "-",
      "type": "List[String]",
      "required": "no",
      "fulltext": "",
      "defaultValue": "[]",
      "minValue": "NA",
      "maxValue": "NA",
      "minRecValue": "NA",
      "maxRecValue": "NA",
      "kind": "optional",
      "options": []
    },
    {
      "summary": "\u003cp\u003eUse field name if no name in annotation.\u003c/p\u003e\n",
      "name": "--usesFieldNameForArgName",
      "synonyms": "-",
      "type": "String",
      "required": "yes",
      "fulltext": "",
      "defaultValue": "null",
      "minValue": "NA",
      "maxValue": "NA",
      "minRecValue": "NA",
      "maxRecValue": "NA",
      "kind": "required",
      "options": []
    }
  ],
  "description": "\u003cp\u003eArgument container class for testing documentation generation. Contains an argument\nfor each @Argument, @ArgumentCollection, and @DocumentedFeature property that should\nbe tested.\u003c/p\u003e\n\u003cp\u003eTest custom tag:\u003c/p\u003e\n\u003cp\u003etestType\u003c/p\u003e\n \u003cp\u003e\n The purpose of this paragraph is to test embedded html formatting.\n \u003col\u003e\n     \u003cli\u003eThis is point number 1\u003c/li\u003e\n     \u003cli\u003eThis is point number 2\u003c/li\u003e\n \u003c/ol\u003e\n \u003c/p\u003e\n",
  "name": "TestArgumentContainer",
  "group": "Test feature group name"
}