{
  "summary": "\u003cp\u003eClass for testing extraDocs property in docgen.\u003c/p\u003e\n",
  "description": "\u003cp\u003eClass for testing extraDocs property in docgen.\u003c/p\u003e\n",
  "name": "TestExtraDocs",
  "group": "Test extra docs group name"
}